// Jest Snapshot v1, https://goo.gl/fbAQLP

exports[`(Route) NotFound (Render) matches snapshot 1`] = `
<div>
  <Back />
  <div
    className="container header-container answer-header-container"
  >
    <div
      className="header center-text"
    >
      <h1
        className="not-found"
      >
        Oh no!
        <br />
        <span>
          It looks like we couldn't find that poll.
        </span>
      </h1>
    </div>
  </div>
</div>
`;
